// Jest Snapshot v1, https://goo.gl/fbAQLP

exports[`FirstPage matches snapshot. 1`] = `
<div
  className="FirstPage"
  id="about"
>
  <pre
    className="prism-code language-samlang Block"
    style={
      Object {
        "backgroundColor": "#f7f7f7",
      }
    }
  >
    <div
      className="token-line"
      style={
        Object {
          "backgroundColor": null,
        }
      }
    >
      <span
        className="token comment"
        style={
          Object {
            "color": "rgb(128, 128, 128)",
            "fontStyle": "italic",
          }
        }
      >
        /**
      </span>
    </div>
    <div
      className="token-line"
      style={
        Object {
          "backgroundColor": null,
        }
      }
    >
      <span
        className="token comment"
        style={
          Object {
            "color": "rgb(128, 128, 128)",
            "fontStyle": "italic",
          }
        }
      >
         * Copyright (C) 2015â€“2020 Developer Sam.
      </span>
    </div>
    <div
      className="token-line"
      style={
        Object {
          "backgroundColor": null,
        }
      }
    >
      <span
        className="token comment"
        style={
          Object {
            "color": "rgb(128, 128, 128)",
            "fontStyle": "italic",
          }
        }
      >
         *
      </span>
    </div>
    <div
      className="token-line"
      style={
        Object {
          "backgroundColor": null,
        }
      }
    >
      <span
        className="token comment"
        style={
          Object {
            "color": "rgb(128, 128, 128)",
            "fontStyle": "italic",
          }
        }
      >
         * @author sam
      </span>
    </div>
    <div
      className="token-line"
      style={
        Object {
          "backgroundColor": null,
        }
      }
    >
      <span
        className="token comment"
        style={
          Object {
            "color": "rgb(128, 128, 128)",
            "fontStyle": "italic",
          }
        }
      >
         */
      </span>
      <span
        className="token plain"
      >
        
      </span>
    </div>
    <div
      className="token-line"
      style={
        Object {
          "backgroundColor": null,
        }
      }
    >
      <span
        className="token plain"
        style={
          Object {
            "display": "inline-block",
          }
        }
      >
        
      </span>
    </div>
    <div
      className="token-line"
      style={
        Object {
          "backgroundColor": null,
        }
      }
    >
      <span
        className="token plain"
      >
        
      </span>
      <span
        className="token comment"
        style={
          Object {
            "color": "rgb(128, 128, 128)",
            "fontStyle": "italic",
          }
        }
      >
        // Basic information of sam, written in SAMLANG.
      </span>
      <span
        className="token plain"
      >
        
      </span>
    </div>
    <div
      className="token-line"
      style={
        Object {
          "backgroundColor": null,
        }
      }
    >
      <span
        className="token plain"
      >
        
      </span>
      <span
        className="token comment"
        style={
          Object {
            "color": "rgb(128, 128, 128)",
            "fontStyle": "italic",
          }
        }
      >
        // The code below is a well-typed SAMLANG program.
      </span>
      <span
        className="token plain"
      >
        
      </span>
    </div>
    <div
      className="token-line"
      style={
        Object {
          "backgroundColor": null,
        }
      }
    >
      <span
        className="token plain"
      >
        
      </span>
      <span
        className="token comment"
        style={
          Object {
            "color": "rgb(128, 128, 128)",
            "fontStyle": "italic",
          }
        }
      >
        // Try it by yourself at
      </span>
      <span
        className="token plain"
      >
        
      </span>
    </div>
    <div
      className="token-line"
      style={
        Object {
          "backgroundColor": null,
        }
      }
    >
      <span
        className="token plain"
      >
        
      </span>
      <span
        className="token comment"
        style={
          Object {
            "color": "rgb(128, 128, 128)",
            "fontStyle": "italic",
          }
        }
      >
        // https://samlang-demo.developersam.com
      </span>
      <span
        className="token plain"
      >
        
      </span>
    </div>
    <div
      className="token-line"
      style={
        Object {
          "backgroundColor": null,
        }
      }
    >
      <span
        className="token plain"
        style={
          Object {
            "display": "inline-block",
          }
        }
      >
        
      </span>
    </div>
    <div
      className="token-line"
      style={
        Object {
          "backgroundColor": null,
        }
      }
    >
      <span
        className="token plain"
      >
        
      </span>
      <span
        className="token keyword"
        style={
          Object {
            "color": "rgb(62, 122, 226)",
          }
        }
      >
        class
      </span>
      <span
        className="token plain"
      >
         
      </span>
      <span
        className="token class-name"
        style={
          Object {
            "color": "rgb(154, 48, 173)",
          }
        }
      >
        List
      </span>
      <span
        className="token plain"
      >
        &lt;
      </span>
      <span
        className="token class-name"
        style={
          Object {
            "color": "rgb(154, 48, 173)",
          }
        }
      >
        T
      </span>
      <span
        className="token plain"
      >
        &gt;(
      </span>
      <span
        className="token class-name"
        style={
          Object {
            "color": "rgb(154, 48, 173)",
          }
        }
      >
        Nil
      </span>
      <span
        className="token plain"
      >
        (
      </span>
      <span
        className="token keyword"
        style={
          Object {
            "color": "rgb(62, 122, 226)",
          }
        }
      >
        unit
      </span>
      <span
        className="token plain"
      >
        ), 
      </span>
      <span
        className="token class-name"
        style={
          Object {
            "color": "rgb(154, 48, 173)",
          }
        }
      >
        Cons
      </span>
      <span
        className="token plain"
      >
        ([
      </span>
      <span
        className="token class-name"
        style={
          Object {
            "color": "rgb(154, 48, 173)",
          }
        }
      >
        T
      </span>
      <span
        className="token plain"
      >
         
      </span>
      <span
        className="token operator"
        style={
          Object {
            "color": "rgb(56, 72, 79)",
          }
        }
      >
        *
      </span>
      <span
        className="token plain"
      >
         
      </span>
      <span
        className="token class-name"
        style={
          Object {
            "color": "rgb(154, 48, 173)",
          }
        }
      >
        List
      </span>
      <span
        className="token plain"
      >
        &lt;
      </span>
      <span
        className="token class-name"
        style={
          Object {
            "color": "rgb(154, 48, 173)",
          }
        }
      >
        T
      </span>
      <span
        className="token plain"
      >
        &gt;])) {
      </span>
    </div>
    <div
      className="token-line"
      style={
        Object {
          "backgroundColor": null,
        }
      }
    >
      <span
        className="token plain"
      >
          
      </span>
      <span
        className="token keyword"
        style={
          Object {
            "color": "rgb(62, 122, 226)",
          }
        }
      >
        function
      </span>
      <span
        className="token plain"
      >
         &lt;
      </span>
      <span
        className="token class-name"
        style={
          Object {
            "color": "rgb(154, 48, 173)",
          }
        }
      >
        T
      </span>
      <span
        className="token plain"
      >
        &gt; 
      </span>
      <span
        className="token function"
        style={
          Object {
            "color": "rgb(213, 34, 98)",
          }
        }
      >
        of
      </span>
      <span
        className="token plain"
      >
        (t: 
      </span>
      <span
        className="token class-name"
        style={
          Object {
            "color": "rgb(154, 48, 173)",
          }
        }
      >
        T
      </span>
      <span
        className="token plain"
      >
        ): 
      </span>
      <span
        className="token class-name"
        style={
          Object {
            "color": "rgb(154, 48, 173)",
          }
        }
      >
        List
      </span>
      <span
        className="token plain"
      >
        &lt;
      </span>
      <span
        className="token class-name"
        style={
          Object {
            "color": "rgb(154, 48, 173)",
          }
        }
      >
        T
      </span>
      <span
        className="token plain"
      >
        &gt; =
      </span>
    </div>
    <div
      className="token-line"
      style={
        Object {
          "backgroundColor": null,
        }
      }
    >
      <span
        className="token plain"
      >
            
      </span>
      <span
        className="token class-name"
        style={
          Object {
            "color": "rgb(154, 48, 173)",
          }
        }
      >
        Cons
      </span>
      <span
        className="token plain"
      >
        ([t, 
      </span>
      <span
        className="token class-name"
        style={
          Object {
            "color": "rgb(154, 48, 173)",
          }
        }
      >
        Nil
      </span>
      <span
        className="token plain"
      >
        ({})])
      </span>
    </div>
    <div
      className="token-line"
      style={
        Object {
          "backgroundColor": null,
        }
      }
    >
      <span
        className="token plain"
      >
          
      </span>
      <span
        className="token keyword"
        style={
          Object {
            "color": "rgb(62, 122, 226)",
          }
        }
      >
        method
      </span>
      <span
        className="token plain"
      >
         
      </span>
      <span
        className="token function"
        style={
          Object {
            "color": "rgb(213, 34, 98)",
          }
        }
      >
        cons
      </span>
      <span
        className="token plain"
      >
        (t: 
      </span>
      <span
        className="token class-name"
        style={
          Object {
            "color": "rgb(154, 48, 173)",
          }
        }
      >
        T
      </span>
      <span
        className="token plain"
      >
        ): 
      </span>
      <span
        className="token class-name"
        style={
          Object {
            "color": "rgb(154, 48, 173)",
          }
        }
      >
        List
      </span>
      <span
        className="token plain"
      >
        &lt;
      </span>
      <span
        className="token class-name"
        style={
          Object {
            "color": "rgb(154, 48, 173)",
          }
        }
      >
        T
      </span>
      <span
        className="token plain"
      >
        &gt; =
      </span>
    </div>
    <div
      className="token-line"
      style={
        Object {
          "backgroundColor": null,
        }
      }
    >
      <span
        className="token plain"
      >
            
      </span>
      <span
        className="token class-name"
        style={
          Object {
            "color": "rgb(154, 48, 173)",
          }
        }
      >
        Cons
      </span>
      <span
        className="token plain"
      >
        ([t, 
      </span>
      <span
        className="token keyword"
        style={
          Object {
            "color": "rgb(62, 122, 226)",
          }
        }
      >
        this
      </span>
      <span
        className="token plain"
      >
        ])
      </span>
    </div>
    <div
      className="token-line"
      style={
        Object {
          "backgroundColor": null,
        }
      }
    >
      <span
        className="token plain"
      >
        }
      </span>
    </div>
    <div
      className="token-line"
      style={
        Object {
          "backgroundColor": null,
        }
      }
    >
      <span
        className="token plain"
      >
        
      </span>
      <span
        className="token keyword"
        style={
          Object {
            "color": "rgb(62, 122, 226)",
          }
        }
      >
        class
      </span>
      <span
        className="token plain"
      >
         
      </span>
      <span
        className="token class-name"
        style={
          Object {
            "color": "rgb(154, 48, 173)",
          }
        }
      >
        Developer
      </span>
      <span
        className="token plain"
      >
        (
      </span>
    </div>
    <div
      className="token-line"
      style={
        Object {
          "backgroundColor": null,
        }
      }
    >
      <span
        className="token plain"
      >
          
      </span>
      <span
        className="token keyword"
        style={
          Object {
            "color": "rgb(62, 122, 226)",
          }
        }
      >
        val
      </span>
      <span
        className="token plain"
      >
         name: 
      </span>
      <span
        className="token keyword"
        style={
          Object {
            "color": "rgb(62, 122, 226)",
          }
        }
      >
        string
      </span>
      <span
        className="token plain"
      >
        , 
      </span>
      <span
        className="token keyword"
        style={
          Object {
            "color": "rgb(62, 122, 226)",
          }
        }
      >
        val
      </span>
      <span
        className="token plain"
      >
         github: 
      </span>
      <span
        className="token keyword"
        style={
          Object {
            "color": "rgb(62, 122, 226)",
          }
        }
      >
        string
      </span>
      <span
        className="token plain"
      >
        ,
      </span>
    </div>
    <div
      className="token-line"
      style={
        Object {
          "backgroundColor": null,
        }
      }
    >
      <span
        className="token plain"
      >
          
      </span>
      <span
        className="token keyword"
        style={
          Object {
            "color": "rgb(62, 122, 226)",
          }
        }
      >
        val
      </span>
      <span
        className="token plain"
      >
         projects: 
      </span>
      <span
        className="token class-name"
        style={
          Object {
            "color": "rgb(154, 48, 173)",
          }
        }
      >
        List
      </span>
      <span
        className="token plain"
      >
        &lt;
      </span>
      <span
        className="token keyword"
        style={
          Object {
            "color": "rgb(62, 122, 226)",
          }
        }
      >
        string
      </span>
      <span
        className="token plain"
      >
        &gt;,
      </span>
    </div>
    <div
      className="token-line"
      style={
        Object {
          "backgroundColor": null,
        }
      }
    >
      <span
        className="token plain"
      >
        ) {
      </span>
    </div>
    <div
      className="token-line"
      style={
        Object {
          "backgroundColor": null,
        }
      }
    >
      <span
        className="token plain"
      >
          
      </span>
      <span
        className="token keyword"
        style={
          Object {
            "color": "rgb(62, 122, 226)",
          }
        }
      >
        function
      </span>
      <span
        className="token plain"
      >
         
      </span>
      <span
        className="token function"
        style={
          Object {
            "color": "rgb(213, 34, 98)",
          }
        }
      >
        sam
      </span>
      <span
        className="token plain"
      >
        (): 
      </span>
      <span
        className="token class-name"
        style={
          Object {
            "color": "rgb(154, 48, 173)",
          }
        }
      >
        Developer
      </span>
      <span
        className="token plain"
      >
         = {
      </span>
    </div>
    <div
      className="token-line"
      style={
        Object {
          "backgroundColor": null,
        }
      }
    >
      <span
        className="token plain"
      >
            
      </span>
      <span
        className="token keyword"
        style={
          Object {
            "color": "rgb(62, 122, 226)",
          }
        }
      >
        val
      </span>
      <span
        className="token plain"
      >
         l = 
      </span>
      <span
        className="token class-name"
        style={
          Object {
            "color": "rgb(154, 48, 173)",
          }
        }
      >
        List
      </span>
      <span
        className="token plain"
      >
        .
      </span>
      <span
        className="token function"
        style={
          Object {
            "color": "rgb(213, 34, 98)",
          }
        }
      >
        of
      </span>
      <span
        className="token plain"
      >
        (
      </span>
      <span
        className="token string"
        style={
          Object {
            "color": "rgb(26, 143, 82)",
          }
        }
      >
        "SAMLANG"
      </span>
      <span
        className="token plain"
      >
        ).
      </span>
      <span
        className="token function"
        style={
          Object {
            "color": "rgb(213, 34, 98)",
          }
        }
      >
        cons
      </span>
      <span
        className="token plain"
      >
        (
      </span>
      <span
        className="token string"
        style={
          Object {
            "color": "rgb(26, 143, 82)",
          }
        }
      >
        "..."
      </span>
      <span
        className="token plain"
      >
        )
      </span>
    </div>
    <div
      className="token-line"
      style={
        Object {
          "backgroundColor": null,
        }
      }
    >
      <span
        className="token plain"
      >
            
      </span>
      <span
        className="token keyword"
        style={
          Object {
            "color": "rgb(62, 122, 226)",
          }
        }
      >
        val
      </span>
      <span
        className="token plain"
      >
         github = 
      </span>
      <span
        className="token string"
        style={
          Object {
            "color": "rgb(26, 143, 82)",
          }
        }
      >
        "SamChou19815"
      </span>
      <span
        className="token plain"
      >
        
      </span>
    </div>
    <div
      className="token-line"
      style={
        Object {
          "backgroundColor": null,
        }
      }
    >
      <span
        className="token plain"
      >
            { name: 
      </span>
      <span
        className="token string"
        style={
          Object {
            "color": "rgb(26, 143, 82)",
          }
        }
      >
        "Sam Zhou"
      </span>
      <span
        className="token plain"
      >
        , github, projects: l }
      </span>
    </div>
    <div
      className="token-line"
      style={
        Object {
          "backgroundColor": null,
        }
      }
    >
      <span
        className="token plain"
      >
          }
      </span>
    </div>
    <div
      className="token-line"
      style={
        Object {
          "backgroundColor": null,
        }
      }
    >
      <span
        className="token plain"
      >
        }
      </span>
    </div>
    <div
      className="token-line"
      style={
        Object {
          "backgroundColor": null,
        }
      }
    >
      <span
        className="token plain"
      >
        
      </span>
      <span
        className="token keyword"
        style={
          Object {
            "color": "rgb(62, 122, 226)",
          }
        }
      >
        class
      </span>
      <span
        className="token plain"
      >
         
      </span>
      <span
        className="token class-name"
        style={
          Object {
            "color": "rgb(154, 48, 173)",
          }
        }
      >
        Main
      </span>
      <span
        className="token plain"
      >
         {
      </span>
    </div>
    <div
      className="token-line"
      style={
        Object {
          "backgroundColor": null,
        }
      }
    >
      <span
        className="token plain"
      >
          
      </span>
      <span
        className="token keyword"
        style={
          Object {
            "color": "rgb(62, 122, 226)",
          }
        }
      >
        function
      </span>
      <span
        className="token plain"
      >
         
      </span>
      <span
        className="token function"
        style={
          Object {
            "color": "rgb(213, 34, 98)",
          }
        }
      >
        main
      </span>
      <span
        className="token plain"
      >
        (): 
      </span>
      <span
        className="token class-name"
        style={
          Object {
            "color": "rgb(154, 48, 173)",
          }
        }
      >
        Developer
      </span>
      <span
        className="token plain"
      >
         = 
      </span>
      <span
        className="token class-name"
        style={
          Object {
            "color": "rgb(154, 48, 173)",
          }
        }
      >
        Developer
      </span>
      <span
        className="token plain"
      >
        .
      </span>
      <span
        className="token function"
        style={
          Object {
            "color": "rgb(213, 34, 98)",
          }
        }
      >
        sam
      </span>
      <span
        className="token plain"
      >
        ()
      </span>
    </div>
    <div
      className="token-line"
      style={
        Object {
          "backgroundColor": null,
        }
      }
    >
      <span
        className="token plain"
      >
        }
      </span>
    </div>
  </pre>
  <div
    className="MuiPaper-root MuiCard-root InfoCard MuiPaper-elevation1 MuiPaper-rounded"
  >
    <div
      className="MuiCardHeader-root"
    >
      <div
        className="MuiCardHeader-avatar"
      >
        <svg
          aria-hidden={true}
          className="MuiSvgIcon-root"
          focusable="false"
          viewBox="0 0 24 24"
        >
          <path
            d="M12 2C6.48 2 2 6.48 2 12s4.48 10 10 10 10-4.48 10-10S17.52 2 12 2zm0 3c1.66 0 3 1.34 3 3s-1.34 3-3 3-3-1.34-3-3 1.34-3 3-3zm0 14.2c-2.5 0-4.71-1.28-6-3.22.03-1.99 4-3.08 6-3.08 1.99 0 5.97 1.09 6 3.08-1.29 1.94-3.5 3.22-6 3.22z"
          />
        </svg>
      </div>
      <div
        className="MuiCardHeader-content"
      >
        <span
          className="MuiTypography-root MuiCardHeader-title MuiTypography-body2 MuiTypography-displayBlock"
        >
          Sam Zhou
        </span>
        <span
          className="MuiTypography-root MuiCardHeader-subheader MuiTypography-body2 MuiTypography-colorTextSecondary MuiTypography-displayBlock"
        >
          About Myself
        </span>
      </div>
    </div>
    <div
      className="MuiCardContent-root IconLine"
    >
      <svg
        aria-hidden={true}
        className="MuiSvgIcon-root"
        focusable="false"
        viewBox="0 0 24 24"
      >
        <path
          d="M20 6h-4V4c0-1.11-.89-2-2-2h-4c-1.11 0-2 .89-2 2v2H4c-1.11 0-1.99.89-1.99 2L2 19c0 1.11.89 2 2 2h16c1.11 0 2-.89 2-2V8c0-1.11-.89-2-2-2zm-6 0h-4V4h4v2z"
        />
      </svg>
      <span
        className="IconLineText"
      >
        Cornell DTI Dev Lead
      </span>
    </div>
    <div
      className="MuiCardContent-root IconLine"
    >
      <svg
        aria-hidden={true}
        className="MuiSvgIcon-root"
        focusable="false"
        viewBox="0 0 24 24"
      >
        <path
          d="M20 6h-4V4c0-1.11-.89-2-2-2h-4c-1.11 0-2 .89-2 2v2H4c-1.11 0-1.99.89-1.99 2L2 19c0 1.11.89 2 2 2h16c1.11 0 2-.89 2-2V8c0-1.11-.89-2-2-2zm-6 0h-4V4h4v2z"
        />
      </svg>
      <span
        className="IconLineText"
      >
        Facebook SWE Intern
      </span>
    </div>
    <div
      className="MuiCardContent-root IconLine"
    >
      <svg
        aria-hidden={true}
        className="MuiSvgIcon-root"
        focusable="false"
        viewBox="0 0 24 24"
      >
        <path
          d="M5 13.18v4L12 21l7-3.82v-4L12 17l-7-3.82zM12 3L1 9l11 6 9-4.91V17h2V9L12 3z"
        />
      </svg>
      <span
        className="IconLineText"
      >
        Cornell University
      </span>
    </div>
    <div
      className="MuiCardContent-root IconLine"
    >
      <svg
        aria-hidden={true}
        className="MuiSvgIcon-root"
        focusable="false"
        viewBox="0 0 24 24"
      >
        <path
          d="M24 14V6H4v36h40V14H24zM12 38H8v-4h4v4zm0-8H8v-4h4v4zm0-8H8v-4h4v4zm0-8H8v-4h4v4zm8 24h-4v-4h4v4zm0-8h-4v-4h4v4zm0-8h-4v-4h4v4zm0-8h-4v-4h4v4zm20 24H24v-4h4v-4h-4v-4h4v-4h-4v-4h16v20zm-4-16h-4v4h4v-4zm0 8h-4v4h4v-4z"
          transform="scale(0.5, 0.5)"
        />
      </svg>
      <span
        className="IconLineText"
      >
        Computer Science
      </span>
    </div>
    <div
      className="MuiCardContent-root IconLine"
    >
      <svg
        aria-hidden={true}
        className="MuiSvgIcon-root"
        focusable="false"
        viewBox="0 0 24 24"
      >
        <path
          d="M9.4 16.6L4.8 12l4.6-4.6L8 6l-6 6 6 6 1.4-1.4zm5.2 0l4.6-4.6-4.6-4.6L16 6l6 6-6 6-1.4-1.4z"
        />
      </svg>
      <span
        className="IconLineText"
      >
        Coding since 13
      </span>
    </div>
    <div
      className="MuiCardActions-root MuiCardActions-spacing"
    >
      <button
        className="MuiButtonBase-root MuiButton-root MuiButton-text MuiButton-textPrimary"
        disabled={false}
        onBlur={[Function]}
        onDragLeave={[Function]}
        onFocus={[Function]}
        onKeyDown={[Function]}
        onKeyUp={[Function]}
        onMouseDown={[Function]}
        onMouseLeave={[Function]}
        onMouseUp={[Function]}
        onTouchEnd={[Function]}
        onTouchMove={[Function]}
        onTouchStart={[Function]}
        tabIndex={0}
        type="button"
      >
        <span
          className="MuiButton-label"
        >
          <a
            className="MuiTypography-root MuiLink-root MuiLink-underlineHover MuiTypography-colorPrimary"
            href="/resume.pdf"
            onBlur={[Function]}
            onFocus={[Function]}
          >
            Resume
          </a>
        </span>
      </button>
      <button
        className="MuiButtonBase-root MuiButton-root MuiButton-text MuiButton-textPrimary"
        disabled={false}
        onBlur={[Function]}
        onDragLeave={[Function]}
        onFocus={[Function]}
        onKeyDown={[Function]}
        onKeyUp={[Function]}
        onMouseDown={[Function]}
        onMouseLeave={[Function]}
        onMouseUp={[Function]}
        onTouchEnd={[Function]}
        onTouchMove={[Function]}
        onTouchStart={[Function]}
        tabIndex={0}
        type="button"
      >
        <span
          className="MuiButton-label"
        >
          <a
            className="MuiTypography-root MuiLink-root MuiLink-underlineHover MuiTypography-colorPrimary"
            href="/transcript.pdf"
            onBlur={[Function]}
            onFocus={[Function]}
          >
            Transcript
          </a>
        </span>
      </button>
    </div>
  </div>
</div>
`;
