// Jest Snapshot v1, https://goo.gl/fbAQLP

exports[`StatelessTerminal matches snapshot. 1`] = `
<div
  className="TerminalContainer"
>
  <div
    className="TerminalTitle"
  >
    Terminal
  </div>
  <div
    className="Terminal"
    onClick={[Function]}
    role="presentation"
  >
    <div
      className="TerminalContent"
    >
      <p
        className="TerminalMessage"
      >
        <span
          className="TerminalPromptLabel"
        >
          $
        </span>
        foo
      </p>
      <p
        className="TerminalMessage"
      >
        bar
      </p>
      <div
        className="TerminalInputArea"
      >
        <span
          className="TerminalPromptLabel"
        >
          $
        </span>
        <input
          autoComplete="off"
          className="TerminalInput"
          name="terminal-input"
          onChange={[Function]}
          onKeyDown={[Function]}
          type="text"
          value=""
        />
      </div>
    </div>
  </div>
</div>
`;
