// Jest Snapshot v1, https://goo.gl/fbAQLP

exports[`ProjectsSection matches snapshot. 1`] = `
<section
  id="projects"
>
  <h3
    className="Title"
  >
    <code>
      $Â 
      dev-sam projects
    </code>
  </h3>
  <div
    className="ProjectContainer"
  >
    <div
      className="card ProjectCard"
    >
      <div
        className="card__image"
      >
        <img
          alt="SAMLANG"
          loading="lazy"
          src="/projects/samlang.png"
          title="SAMLANG"
        />
      </div>
      <div
        className="card__header"
      >
        <div
          className="avatar"
        >
          <div
            className="avatar__intro"
          >
            <h4
              className="avatar__name"
            >
              SAMLANG
            </h4>
            <small
              className="avatar__subtitle"
            >
              Programming Language
            </small>
          </div>
        </div>
      </div>
      <div
        className="card__body"
      >
        A statically-typed functional programming language with full type inference. A research programming language developed by Sam.
      </div>
      <div
        className="card__footer"
      >
        <div
          className="button-group button-group--block"
        >
          <a
            className="button button--link"
            href="https://samlang.developersam.com"
          >
            DOCS
          </a>
          <a
            className="button button--link"
            href="https://samlang.developersam.com/demo"
          >
            DEMO
          </a>
          <a
            className="button button--link"
            href="https://github.com/SamChou19815/samlang"
          >
            GITHUB
          </a>
        </div>
      </div>
    </div>
    <div
      className="card ProjectCard"
    >
      <div
        className="card__image"
      >
        <img
          alt="Docusaurus"
          loading="lazy"
          src="/projects/docusaurus.png"
          title="Docusaurus"
        />
      </div>
      <div
        className="card__header"
      >
        <div
          className="avatar"
        >
          <div
            className="avatar__intro"
          >
            <h4
              className="avatar__name"
            >
              Docusaurus
            </h4>
            <small
              className="avatar__subtitle"
            >
              Open source contributions
            </small>
          </div>
        </div>
      </div>
      <div
        className="card__body"
      >
        A static documentation site generator developed by Facebook open source. I am one of the top 20 contributors.
      </div>
      <div
        className="card__footer"
      >
        <div
          className="button-group button-group--block"
        >
          <a
            className="button button--link"
            href="https://v2.docusaurus.io"
          >
            DOCS
          </a>
          <a
            className="button button--link"
            href="https://github.com/facebook/docusaurus"
          >
            GITHUB
          </a>
        </div>
      </div>
    </div>
    <div
      className="card ProjectCard"
    >
      <div
        className="card__image"
      >
        <img
          alt="mini-react"
          loading="lazy"
          src="/projects/mini-react.png"
          title="mini-react"
        />
      </div>
      <div
        className="card__header"
      >
        <div
          className="avatar"
        >
          <div
            className="avatar__intro"
          >
            <h4
              className="avatar__name"
            >
              mini-react
            </h4>
            <small
              className="avatar__subtitle"
            >
              Framework
            </small>
          </div>
        </div>
      </div>
      <div
        className="card__body"
      >
        A simplified version of React runtime with useState and useEffect hook, built from Scratch.
      </div>
      <div
        className="card__footer"
      >
        <div
          className="button-group button-group--block"
        >
          <a
            className="button button--link"
            href="https://mini-react.developersam.com"
          >
            DEMO
          </a>
          <a
            className="button button--link"
            href="https://github.com/SamChou19815/mini-react"
          >
            GITHUB
          </a>
          <a
            className="button button--link"
            href="/build-simplified-react.pdf"
          >
            SLIDES
          </a>
        </div>
      </div>
    </div>
    <div
      className="card ProjectCard"
    >
      <div
        className="card__image"
      >
        <img
          alt="Samwise"
          loading="lazy"
          src="/projects/samwise.png"
          title="Samwise"
        />
      </div>
      <div
        className="card__header"
      >
        <div
          className="avatar"
        >
          <div
            className="avatar__intro"
          >
            <h4
              className="avatar__name"
            >
              Samwise
            </h4>
            <small
              className="avatar__subtitle"
            >
              Web App
            </small>
          </div>
        </div>
      </div>
      <div
        className="card__body"
      >
        A Student Planner for Everyone. Designed, developed and maintained by Cornell DTI.
      </div>
      <div
        className="card__footer"
      >
        <div
          className="button-group button-group--block"
        >
          <a
            className="button button--link"
            href="https://samwise.today"
          >
            APP
          </a>
          <a
            className="button button--link"
            href="https://github.com/cornell-dti/samwise"
          >
            GITHUB
          </a>
        </div>
      </div>
    </div>
    <div
      className="card ProjectCard"
    >
      <div
        className="card__image"
      >
        <img
          alt="Wiki"
          loading="lazy"
          src="/projects/wiki.png"
          title="Wiki"
        />
      </div>
      <div
        className="card__header"
      >
        <div
          className="avatar"
        >
          <div
            className="avatar__intro"
          >
            <h4
              className="avatar__name"
            >
              Wiki
            </h4>
            <small
              className="avatar__subtitle"
            >
              Web App
            </small>
          </div>
        </div>
      </div>
      <div
        className="card__body"
      >
        Documentation for this monoropo and notes from Developer Sam.
      </div>
      <div
        className="card__footer"
      >
        <div
          className="button-group button-group--block"
        >
          <a
            className="button button--link"
            href="https://wiki.developersam.com"
          >
            WEBSITE
          </a>
          <a
            className="button button--link"
            href="https://github.com/SamChou19815/website/tree/master/packages/wiki"
          >
            GITHUB
          </a>
        </div>
      </div>
    </div>
    <div
      className="card ProjectCard"
    >
      <div
        className="card__image"
      >
        <img
          alt="TEN"
          loading="lazy"
          src="/projects/ten.png"
          title="TEN"
        />
      </div>
      <div
        className="card__header"
      >
        <div
          className="avatar"
        >
          <div
            className="avatar__intro"
          >
            <h4
              className="avatar__name"
            >
              TEN
            </h4>
            <small
              className="avatar__subtitle"
            >
              Game AI
            </small>
          </div>
        </div>
      </div>
      <div
        className="card__body"
      >
        Interesting board game with simple rules. Powered by an MCTS AI.
      </div>
      <div
        className="card__footer"
      >
        <div
          className="button-group button-group--block"
        >
          <a
            className="button button--link"
            href="https://ten.developersam.com"
          >
            DEMO
          </a>
          <a
            className="button button--link"
            href="https://github.com/SamChou19815/ten-golang"
          >
            GITHUB
          </a>
        </div>
      </div>
    </div>
  </div>
</section>
`;
