// Jest Snapshot v1, https://goo.gl/fbAQLP

exports[`TechTalkSection matches snapshot. 1`] = `
<section
  className="Section"
  id="tech-talks"
>
  <h3
    className="Title"
  >
    <code>
      $Â 
      dev-sam tech-talks
    </code>
  </h3>
  <div
    className="TechTalkContainer"
  >
    <div
      className="MuiPaper-root MuiCard-root TechTalkCard MuiPaper-elevation1 MuiPaper-rounded"
    >
      <div
        className="MuiCardHeader-root"
      >
        <div
          className="MuiCardHeader-content"
        >
          <span
            className="MuiTypography-root MuiCardHeader-title MuiTypography-h5 MuiTypography-displayBlock"
          >
            How to scale
          </span>
          <span
            className="MuiTypography-root MuiCardHeader-subheader MuiTypography-body1 MuiTypography-colorTextSecondary MuiTypography-displayBlock"
          >
            Learning Series
          </span>
        </div>
      </div>
      <div
        className="MuiCardContent-root"
      >
        Tips on scaling your codebase and your workload, with lessons learned from Samwise's codebase.
      </div>
      <div
        className="MuiCardActions-root MuiCardActions-spacing"
      >
        <button
          className="MuiButtonBase-root MuiButton-root MuiButton-text MuiButton-textPrimary"
          disabled={false}
          onBlur={[Function]}
          onDragLeave={[Function]}
          onFocus={[Function]}
          onKeyDown={[Function]}
          onKeyUp={[Function]}
          onMouseDown={[Function]}
          onMouseLeave={[Function]}
          onMouseUp={[Function]}
          onTouchEnd={[Function]}
          onTouchMove={[Function]}
          onTouchStart={[Function]}
          tabIndex={0}
          type="button"
        >
          <span
            className="MuiButton-label"
          >
            <a
              className="MuiTypography-root MuiLink-root MuiLink-underlineHover MuiTypography-colorPrimary"
              href="/how-to-scale.pdf"
              onBlur={[Function]}
              onFocus={[Function]}
            >
              Slides
            </a>
          </span>
        </button>
      </div>
    </div>
    <div
      className="MuiPaper-root MuiCard-root TechTalkCard MuiPaper-elevation1 MuiPaper-rounded"
    >
      <div
        className="MuiCardHeader-root"
      >
        <div
          className="MuiCardHeader-content"
        >
          <span
            className="MuiTypography-root MuiCardHeader-title MuiTypography-h5 MuiTypography-displayBlock"
          >
            Intro to Firebase
          </span>
          <span
            className="MuiTypography-root MuiCardHeader-subheader MuiTypography-body1 MuiTypography-colorTextSecondary MuiTypography-displayBlock"
          >
            DevSesh
          </span>
        </div>
      </div>
      <div
        className="MuiCardContent-root"
      >
        Tech stack discussion on Firebase, and why Samwise switched to Firebase.
      </div>
      <div
        className="MuiCardActions-root MuiCardActions-spacing"
      >
        <button
          className="MuiButtonBase-root MuiButton-root MuiButton-text MuiButton-textPrimary"
          disabled={false}
          onBlur={[Function]}
          onDragLeave={[Function]}
          onFocus={[Function]}
          onKeyDown={[Function]}
          onKeyUp={[Function]}
          onMouseDown={[Function]}
          onMouseLeave={[Function]}
          onMouseUp={[Function]}
          onTouchEnd={[Function]}
          onTouchMove={[Function]}
          onTouchStart={[Function]}
          tabIndex={0}
          type="button"
        >
          <span
            className="MuiButton-label"
          >
            <a
              className="MuiTypography-root MuiLink-root MuiLink-underlineHover MuiTypography-colorPrimary"
              href="/intro-to-firebase.pdf"
              onBlur={[Function]}
              onFocus={[Function]}
            >
              Slides
            </a>
          </span>
        </button>
        <button
          className="MuiButtonBase-root MuiButton-root MuiButton-text MuiButton-textPrimary"
          disabled={false}
          onBlur={[Function]}
          onDragLeave={[Function]}
          onFocus={[Function]}
          onKeyDown={[Function]}
          onKeyUp={[Function]}
          onMouseDown={[Function]}
          onMouseLeave={[Function]}
          onMouseUp={[Function]}
          onTouchEnd={[Function]}
          onTouchMove={[Function]}
          onTouchStart={[Function]}
          tabIndex={0}
          type="button"
        >
          <span
            className="MuiButton-label"
          >
            <a
              className="MuiTypography-root MuiLink-root MuiLink-underlineHover MuiTypography-colorPrimary"
              href="https://jessicahong9.github.io/"
              onBlur={[Function]}
              onFocus={[Function]}
            >
              Co-speaker's website
            </a>
          </span>
        </button>
      </div>
    </div>
    <div
      className="MuiPaper-root MuiCard-root TechTalkCard MuiPaper-elevation1 MuiPaper-rounded"
    >
      <div
        className="MuiCardHeader-root"
      >
        <div
          className="MuiCardHeader-content"
        >
          <span
            className="MuiTypography-root MuiCardHeader-title MuiTypography-h5 MuiTypography-displayBlock"
          >
            Build your programming language
          </span>
          <span
            className="MuiTypography-root MuiCardHeader-subheader MuiTypography-body1 MuiTypography-colorTextSecondary MuiTypography-displayBlock"
          >
            DevSesh
          </span>
        </div>
      </div>
      <div
        className="MuiCardContent-root"
      >
        A tutorial of making a simple programming language derived from lambda-calculus.
      </div>
      <div
        className="MuiCardActions-root MuiCardActions-spacing"
      >
        <button
          className="MuiButtonBase-root MuiButton-root MuiButton-text MuiButton-textPrimary"
          disabled={false}
          onBlur={[Function]}
          onDragLeave={[Function]}
          onFocus={[Function]}
          onKeyDown={[Function]}
          onKeyUp={[Function]}
          onMouseDown={[Function]}
          onMouseLeave={[Function]}
          onMouseUp={[Function]}
          onTouchEnd={[Function]}
          onTouchMove={[Function]}
          onTouchStart={[Function]}
          tabIndex={0}
          type="button"
        >
          <span
            className="MuiButton-label"
          >
            <a
              className="MuiTypography-root MuiLink-root MuiLink-underlineHover MuiTypography-colorPrimary"
              href="/build-your-own-programming-language.pdf"
              onBlur={[Function]}
              onFocus={[Function]}
            >
              Slides
            </a>
          </span>
        </button>
      </div>
    </div>
    <div
      className="MuiPaper-root MuiCard-root TechTalkCard MuiPaper-elevation1 MuiPaper-rounded"
    >
      <div
        className="MuiCardHeader-root"
      >
        <div
          className="MuiCardHeader-content"
        >
          <span
            className="MuiTypography-root MuiCardHeader-title MuiTypography-h5 MuiTypography-displayBlock"
          >
            Build a (simplified) React
          </span>
          <span
            className="MuiTypography-root MuiCardHeader-subheader MuiTypography-body1 MuiTypography-colorTextSecondary MuiTypography-displayBlock"
          >
            DevSesh
          </span>
        </div>
      </div>
      <div
        className="MuiCardContent-root"
      >
        A tutorial of making a simplified React runtime with support for useState and useEffect hooks.
      </div>
      <div
        className="MuiCardActions-root MuiCardActions-spacing"
      >
        <button
          className="MuiButtonBase-root MuiButton-root MuiButton-text MuiButton-textPrimary"
          disabled={false}
          onBlur={[Function]}
          onDragLeave={[Function]}
          onFocus={[Function]}
          onKeyDown={[Function]}
          onKeyUp={[Function]}
          onMouseDown={[Function]}
          onMouseLeave={[Function]}
          onMouseUp={[Function]}
          onTouchEnd={[Function]}
          onTouchMove={[Function]}
          onTouchStart={[Function]}
          tabIndex={0}
          type="button"
        >
          <span
            className="MuiButton-label"
          >
            <a
              className="MuiTypography-root MuiLink-root MuiLink-underlineHover MuiTypography-colorPrimary"
              href="/build-simplified-react.pdf"
              onBlur={[Function]}
              onFocus={[Function]}
            >
              Slides
            </a>
          </span>
        </button>
      </div>
    </div>
  </div>
</section>
`;
