// Jest Snapshot v1, https://goo.gl/fbAQLP

exports[`App matches snapshot. 1`] = `
<div
  className="App"
>
  <header
    className="MuiPaper-root MuiAppBar-root MuiAppBar-positionStatic MuiAppBar-colorPrimary MuiPaper-elevation4"
  >
    <div
      className="MuiToolbar-root MuiToolbar-regular MuiToolbar-gutters"
    >
      <h6
        className="MuiTypography-root Title MuiTypography-h6 MuiTypography-colorInherit"
      >
        Tasks
      </h6>
      <button
        className="MuiButtonBase-root MuiButton-root MuiButton-text MuiButton-colorInherit"
        disabled={false}
        onBlur={[Function]}
        onDragLeave={[Function]}
        onFocus={[Function]}
        onKeyDown={[Function]}
        onKeyUp={[Function]}
        onMouseDown={[Function]}
        onMouseLeave={[Function]}
        onMouseUp={[Function]}
        onTouchEnd={[Function]}
        onTouchMove={[Function]}
        onTouchStart={[Function]}
        tabIndex={0}
        type="button"
      >
        <span
          className="MuiButton-label"
        >
          <a
            className="MuiTypography-root MuiLink-root MuiLink-underlineHover MuiTypography-colorInherit"
            href="https://developersam.com"
            onBlur={[Function]}
            onFocus={[Function]}
          >
            Home
          </a>
        </span>
      </button>
    </div>
  </header>
  <div />
</div>
`;
