// Jest Snapshot v1, https://goo.gl/fbAQLP

exports[`FirstPage matches snapshot. 1`] = `
<div
  className="FirstPage"
  id="about"
>
  <pre
    className="Block"
  >
    <code
      className="samlang"
    >
      

/**
 * Copyright (C) 2015â€“2019 Developer Sam.
 *
 * @author sam
 */

// Basic information of sam, written in SAMLANG.
// The code below is a well-typed SAMLANG program.
// Try it by yourself at
// https://samlang-demo.developersam.com

class List&lt;T&gt;(Nil(unit), Cons([T * List&lt;T&gt;])) {
  public function &lt;T&gt; of(t: T): List&lt;T&gt; =
    Cons([t, Nil(unit)])
  public method cons(t: T): List&lt;T&gt; =
    Cons([t, this])
}
class Developer(
  name: string, github: string,
  projects: List&lt;string&gt;,
) {
  public function sam(): Developer = {
    val l = List.of("SAMLANG").cons("...")
    val github = "SamChou19815"
    { name: "Sam Zhou", github, projects: l }
  }
}
class Main {
  function main(): Developer = Developer.sam()
}

    </code>
  </pre>
  <div
    className="MuiPaper-root MuiCard-root InfoCard MuiPaper-elevation1 MuiPaper-rounded"
  >
    <div
      className="MuiCardHeader-root"
    >
      <div
        className="MuiCardHeader-avatar"
      >
        <svg
          aria-hidden="true"
          className="MuiSvgIcon-root"
          focusable="false"
          role="presentation"
          viewBox="0 0 24 24"
        >
          <path
            d="M12 2C6.48 2 2 6.48 2 12s4.48 10 10 10 10-4.48 10-10S17.52 2 12 2zm0 3c1.66 0 3 1.34 3 3s-1.34 3-3 3-3-1.34-3-3 1.34-3 3-3zm0 14.2c-2.5 0-4.71-1.28-6-3.22.03-1.99 4-3.08 6-3.08 1.99 0 5.97 1.09 6 3.08-1.29 1.94-3.5 3.22-6 3.22z"
          />
        </svg>
      </div>
      <div
        className="MuiCardHeader-content"
      >
        <span
          className="MuiTypography-root MuiCardHeader-title MuiTypography-body2 MuiTypography-displayBlock"
        >
          Sam Zhou
        </span>
        <span
          className="MuiTypography-root MuiCardHeader-subheader MuiTypography-body2 MuiTypography-colorTextSecondary MuiTypography-displayBlock"
        >
          About Myself
        </span>
      </div>
    </div>
    <div
      className="MuiCardContent-root IconLine"
    >
      <svg
        aria-hidden="true"
        className="MuiSvgIcon-root"
        focusable="false"
        role="presentation"
        viewBox="0 0 24 24"
      >
        <path
          d="M20 6h-4V4c0-1.11-.89-2-2-2h-4c-1.11 0-2 .89-2 2v2H4c-1.11 0-1.99.89-1.99 2L2 19c0 1.11.89 2 2 2h16c1.11 0 2-.89 2-2V8c0-1.11-.89-2-2-2zm-6 0h-4V4h4v2z"
        />
      </svg>
      <span
        className="IconLineText"
      >
        Cornell DTI Dev Lead
      </span>
    </div>
    <div
      className="MuiCardContent-root IconLine"
    >
      <svg
        aria-hidden="true"
        className="MuiSvgIcon-root"
        focusable="false"
        role="presentation"
        viewBox="0 0 24 24"
      >
        <path
          d="M20 6h-4V4c0-1.11-.89-2-2-2h-4c-1.11 0-2 .89-2 2v2H4c-1.11 0-1.99.89-1.99 2L2 19c0 1.11.89 2 2 2h16c1.11 0 2-.89 2-2V8c0-1.11-.89-2-2-2zm-6 0h-4V4h4v2z"
        />
      </svg>
      <span
        className="IconLineText"
      >
        Facebook SWE Intern
      </span>
    </div>
    <div
      className="MuiCardContent-root IconLine"
    >
      <svg
        aria-hidden="true"
        className="MuiSvgIcon-root"
        focusable="false"
        role="presentation"
        viewBox="0 0 24 24"
      >
        <path
          d="M5 13.18v4L12 21l7-3.82v-4L12 17l-7-3.82zM12 3L1 9l11 6 9-4.91V17h2V9L12 3z"
        />
      </svg>
      <span
        className="IconLineText"
      >
        Cornell University
      </span>
    </div>
    <div
      className="MuiCardContent-root IconLine"
    >
      <svg
        aria-hidden="true"
        className="MuiSvgIcon-root"
        focusable="false"
        role="presentation"
        viewBox="0 0 24 24"
      >
        <path
          d="M0 0h48v48H0z"
          fill="none"
          transform="scale(0.5, 0.5)"
        />
        <path
          d="M24 14V6H4v36h40V14H24zM12 38H8v-4h4v4zm0-8H8v-4h4v4zm0-8H8v-4h4v4zm0-8H8v-4h4v4zm8 24h-4v-4h4v4zm0-8h-4v-4h4v4zm0-8h-4v-4h4v4zm0-8h-4v-4h4v4zm20 24H24v-4h4v-4h-4v-4h4v-4h-4v-4h16v20zm-4-16h-4v4h4v-4zm0 8h-4v4h4v-4z"
          transform="scale(0.5, 0.5)"
        />
      </svg>
      <span
        className="IconLineText"
      >
        Computer Science
      </span>
    </div>
    <div
      className="MuiCardContent-root IconLine"
    >
      <svg
        aria-hidden="true"
        className="MuiSvgIcon-root"
        focusable="false"
        role="presentation"
        viewBox="0 0 24 24"
      >
        <path
          d="M9.4 16.6L4.8 12l4.6-4.6L8 6l-6 6 6 6 1.4-1.4zm5.2 0l4.6-4.6-4.6-4.6L16 6l6 6-6 6-1.4-1.4z"
        />
      </svg>
      <span
        className="IconLineText"
      >
        Coding since 13
      </span>
    </div>
    <div
      className="MuiCardActions-root MuiCardActions-spacing"
    >
      <button
        className="MuiButtonBase-root MuiButton-root MuiButton-text MuiButton-textPrimary"
        disabled={false}
        onBlur={[Function]}
        onDragLeave={[Function]}
        onFocus={[Function]}
        onKeyDown={[Function]}
        onKeyUp={[Function]}
        onMouseDown={[Function]}
        onMouseLeave={[Function]}
        onMouseUp={[Function]}
        onTouchEnd={[Function]}
        onTouchMove={[Function]}
        onTouchStart={[Function]}
        tabIndex={0}
        type="button"
      >
        <span
          className="MuiButton-label"
        >
          <a
            className="MuiTypography-root MuiLink-root MuiLink-underlineHover MuiTypography-colorPrimary"
            href="#projects"
            onBlur={[Function]}
            onFocus={[Function]}
          >
            Projects
          </a>
        </span>
      </button>
      <button
        className="MuiButtonBase-root MuiButton-root MuiButton-text MuiButton-textPrimary"
        disabled={false}
        onBlur={[Function]}
        onDragLeave={[Function]}
        onFocus={[Function]}
        onKeyDown={[Function]}
        onKeyUp={[Function]}
        onMouseDown={[Function]}
        onMouseLeave={[Function]}
        onMouseUp={[Function]}
        onTouchEnd={[Function]}
        onTouchMove={[Function]}
        onTouchStart={[Function]}
        tabIndex={0}
        type="button"
      >
        <span
          className="MuiButton-label"
        >
          <a
            className="MuiTypography-root MuiLink-root MuiLink-underlineHover MuiTypography-colorPrimary"
            href="#tech-talks"
            onBlur={[Function]}
            onFocus={[Function]}
          >
            Talks
          </a>
        </span>
      </button>
      <button
        className="MuiButtonBase-root MuiButton-root MuiButton-text MuiButton-textPrimary"
        disabled={false}
        onBlur={[Function]}
        onDragLeave={[Function]}
        onFocus={[Function]}
        onKeyDown={[Function]}
        onKeyUp={[Function]}
        onMouseDown={[Function]}
        onMouseLeave={[Function]}
        onMouseUp={[Function]}
        onTouchEnd={[Function]}
        onTouchMove={[Function]}
        onTouchStart={[Function]}
        tabIndex={0}
        type="button"
      >
        <span
          className="MuiButton-label"
        >
          <a
            className="MuiTypography-root MuiLink-root MuiLink-underlineHover MuiTypography-colorPrimary"
            href="#timeline"
            onBlur={[Function]}
            onFocus={[Function]}
          >
            Timeline
          </a>
        </span>
      </button>
    </div>
  </div>
</div>
`;
