// Jest Snapshot v1, https://goo.gl/fbAQLP

exports[`ConsoleSection matches snapshot. 1`] = `
<section
  id="test"
>
  <h3
    className="Title"
  >
    <code>
      $Â 
      title
    </code>
  </h3>
  A
</section>
`;
