// Jest Snapshot v1, https://goo.gl/fbAQLP

exports[`LazyMaterialMedia matches snapshot. 1`] = `
<img
  className="MuiCardMedia-root MuiCardMedia-media MuiCardMedia-img"
  loading="lazy"
  src="test"
  title="title"
/>
`;
