// Jest Snapshot v1, https://goo.gl/fbAQLP

exports[`LazyCardMedia matches snapshot. 1`] = `
<div
  className="card__image"
>
  <img
    alt="title"
    loading="lazy"
    src="test"
    title="title"
  />
</div>
`;
